Copyright 1986-2020 Xilinx, Inc. All Rights Reserved.
----------------------------------------------------------------------------------------------
| Tool Version : Vivado v.2020.2 (win64) Build 3064766 Wed Nov 18 09:12:45 MST 2020
| Date         : Tue May  7 09:35:57 2024
| Host         : DESKTOP-OCH9RL1 running 64-bit major release  (build 9200)
| Command      : report_clock_utilization -file design_1_wrapper_clock_utilization_routed.rpt
| Design       : design_1_wrapper
| Device       : 7k325t-ffg900
| Speed File   : -2  PRODUCTION 1.12 2017-02-17
| Design State : Routed
----------------------------------------------------------------------------------------------

Clock Utilization Report

Table of Contents
-----------------
1. Clock Primitive Utilization
2. Global Clock Resources
3. Global Clock Source Details
4. Clock Regions: Key Resource Utilization
5. Clock Regions : Global Clock Summary
6. Device Cell Placement Summary for Global Clock g0
7. Device Cell Placement Summary for Global Clock g1
8. Device Cell Placement Summary for Global Clock g2
9. Device Cell Placement Summary for Global Clock g3
10. Device Cell Placement Summary for Global Clock g4
11. Device Cell Placement Summary for Global Clock g5
12. Device Cell Placement Summary for Global Clock g6
13. Device Cell Placement Summary for Global Clock g7
14. Device Cell Placement Summary for Global Clock g8
15. Device Cell Placement Summary for Global Clock g9
16. Device Cell Placement Summary for Global Clock g10
17. Device Cell Placement Summary for Global Clock g11
18. Clock Region Cell Placement per Global Clock: Region X0Y0
19. Clock Region Cell Placement per Global Clock: Region X1Y0
20. Clock Region Cell Placement per Global Clock: Region X0Y1
21. Clock Region Cell Placement per Global Clock: Region X1Y1
22. Clock Region Cell Placement per Global Clock: Region X0Y2
23. Clock Region Cell Placement per Global Clock: Region X1Y2
24. Clock Region Cell Placement per Global Clock: Region X0Y3
25. Clock Region Cell Placement per Global Clock: Region X1Y3
26. Clock Region Cell Placement per Global Clock: Region X0Y4
27. Clock Region Cell Placement per Global Clock: Region X1Y4

1. Clock Primitive Utilization
------------------------------

+----------+------+-----------+-----+--------------+--------+
| Type     | Used | Available | LOC | Clock Region | Pblock |
+----------+------+-----------+-----+--------------+--------+
| BUFGCTRL |   12 |        32 |   0 |            0 |      0 |
| BUFH     |    0 |       168 |   0 |            0 |      0 |
| BUFIO    |    0 |        40 |   0 |            0 |      0 |
| BUFMR    |    0 |        20 |   0 |            0 |      0 |
| BUFR     |    0 |        40 |   0 |            0 |      0 |
| MMCM     |    2 |        10 |   0 |            0 |      0 |
| PLL      |    0 |        10 |   0 |            0 |      0 |
+----------+------+-----------+-----+--------------+--------+


2. Global Clock Resources
-------------------------

+-----------+-----------+-----------------+------------+----------------+--------------+-------------------+-------------+-----------------+--------------+-------------------------------+--------------------------------------------------------------------------------------------------------------------------------------------------------------+-------------------------------------------------------------------------------------------------------------------------------------------------------+
| Global Id | Source Id | Driver Type/Pin | Constraint | Site           | Clock Region | Load Clock Region | Clock Loads | Non-Clock Loads | Clock Period | Clock                         | Driver Pin                                                                                                                                                   | Net                                                                                                                                                   |
+-----------+-----------+-----------------+------------+----------------+--------------+-------------------+-------------+-----------------+--------------+-------------------------------+--------------------------------------------------------------------------------------------------------------------------------------------------------------+-------------------------------------------------------------------------------------------------------------------------------------------------------+
| g0        | src0      | BUFG/O          | None       | BUFGCTRL_X0Y0  | n/a          |                 5 |        6066 |               0 |       62.500 | clk_out1_clk_wiz_0            | design_1_i/e203_axi_0/inst/dut/u_e203_subsys_top/u_e203_subsys_main/u_e203_subsys_hclkgen/u_e203_subsys_gfcm/u_clk0_clkgate/clk0_sync_r_reg[1]_8_BUFG_inst/O | design_1_i/e203_axi_0/inst/dut/u_e203_subsys_top/u_e203_subsys_main/u_e203_subsys_hclkgen/u_e203_subsys_gfcm/u_clk0_clkgate/clk0_sync_r_reg[1]_8_BUFG |
| g1        | src1      | BUFG/O          | None       | BUFGCTRL_X0Y1  | n/a          |                 7 |        4179 |               0 |        5.000 | clk_200_design_1_clk_wiz_0_0  | design_1_i/clk_wiz_0/inst/clkout1_buf/O                                                                                                                      | design_1_i/clk_wiz_0/inst/clk_200                                                                                                                     |
| g2        | src2      | BUFG/O          | None       | BUFGCTRL_X0Y2  | n/a          |                 4 |        1454 |               0 |       62.500 | clk_out1_clk_wiz_0            | design_1_i/e203_axi_0/inst/dut/u_e203_subsys_top/u_e203_subsys_main/u_e203_subsys_hclkgen/u_e203_subsys_gfcm/u_clk0_clkgate/clk0_sync_r_reg[1]_3_BUFG_inst/O | design_1_i/e203_axi_0/inst/dut/u_e203_subsys_top/u_e203_subsys_main/u_e203_subsys_hclkgen/u_e203_subsys_gfcm/u_clk0_clkgate/clk0_sync_r_reg[1]_3_BUFG |
| g3        | src3      | BUFG/O          | None       | BUFGCTRL_X0Y3  | n/a          |                 3 |         989 |               5 |              |                               | design_1_i/e203_axi_0/inst/u1_clk_div/CLK32768KHZ_BUFG_inst/O                                                                                                | design_1_i/e203_axi_0/inst/u1_clk_div/CLK32768KHZ_BUFG                                                                                                |
| g4        | src4      | BUFG/O          | None       | BUFGCTRL_X0Y4  | n/a          |                 1 |         197 |               0 |              |                               | design_1_i/e203_axi_0/inst/dut_io_pads_jtag_TCK_i_ival_BUFG_inst/O                                                                                           | design_1_i/e203_axi_0/inst/dut_io_pads_jtag_TCK_i_ival_BUFG                                                                                           |
| g5        | src5      | BUFG/O          | None       | BUFGCTRL_X0Y5  | n/a          |                 2 |         182 |               0 |       62.500 | clk_out1_clk_wiz_0            | design_1_i/e203_axi_0/inst/dut/u_e203_subsys_top/u_e203_subsys_main/u_e203_subsys_hclkgen/u_e203_subsys_gfcm/u_clk0_clkgate/clk_core_ifu_BUFG_inst/O         | design_1_i/e203_axi_0/inst/dut/u_e203_subsys_top/u_e203_subsys_main/u_e203_subsys_hclkgen/u_e203_subsys_gfcm/u_clk0_clkgate/clk_core_ifu_BUFG         |
| g6        | src6      | BUFG/O          | None       | BUFGCTRL_X0Y6  | n/a          |                 4 |         171 |               0 |       62.500 | clk_out1_clk_wiz_0            | design_1_i/e203_axi_0/inst/dut/u_e203_subsys_top/u_e203_subsys_main/u_e203_subsys_hclkgen/u_e203_subsys_gfcm/u_clk0_clkgate/CLK_BUFG_inst/O                  | design_1_i/e203_axi_0/inst/dut/u_e203_subsys_top/u_e203_subsys_main/u_e203_subsys_hclkgen/u_e203_subsys_gfcm/u_clk0_clkgate/CLK_BUFG                  |
| g7        | src7      | BUFG/O          | None       | BUFGCTRL_X0Y7  | n/a          |                 4 |         171 |               0 |       62.500 | clk_out1_clk_wiz_0            | design_1_i/e203_axi_0/inst/dut/u_e203_subsys_top/u_e203_subsys_main/u_e203_subsys_hclkgen/u_e203_subsys_gfcm/u_clk0_clkgate/clk0_sync_r_reg[1]_4_BUFG_inst/O | design_1_i/e203_axi_0/inst/dut/u_e203_subsys_top/u_e203_subsys_main/u_e203_subsys_hclkgen/u_e203_subsys_gfcm/u_clk0_clkgate/clk0_sync_r_reg[1]_4_BUFG |
| g8        | src8      | BUFG/O          | None       | BUFGCTRL_X0Y8  | n/a          |                 4 |         171 |               0 |       62.500 | clk_out1_clk_wiz_0            | design_1_i/e203_axi_0/inst/dut/u_e203_subsys_top/u_e203_subsys_main/u_e203_subsys_hclkgen/u_e203_subsys_gfcm/u_clk0_clkgate/clk0_sync_r_reg[1]_5_BUFG_inst/O | design_1_i/e203_axi_0/inst/dut/u_e203_subsys_top/u_e203_subsys_main/u_e203_subsys_hclkgen/u_e203_subsys_gfcm/u_clk0_clkgate/clk0_sync_r_reg[1]_5_BUFG |
| g9        | src9      | BUFG/O          | None       | BUFGCTRL_X0Y9  | n/a          |                 4 |          23 |              19 |       62.500 | clk_out1_clk_wiz_0            | design_1_i/e203_axi_0/inst/u1_clk_wiz/inst/clkout1_buf/O                                                                                                     | design_1_i/e203_axi_0/inst/u1_clk_wiz/inst/clk_out1                                                                                                   |
| g10       | src10     | BUFG/O          | None       | BUFGCTRL_X0Y10 | n/a          |                 1 |           1 |               0 |        5.000 | clkfbout_design_1_clk_wiz_0_0 | design_1_i/clk_wiz_0/inst/clkf_buf/O                                                                                                                         | design_1_i/clk_wiz_0/inst/clkfbout_buf_design_1_clk_wiz_0_0                                                                                           |
| g11       | src11     | BUFG/O          | None       | BUFGCTRL_X0Y11 | n/a          |                 1 |           1 |               0 |        5.000 | clkfbout_clk_wiz_0            | design_1_i/e203_axi_0/inst/u1_clk_wiz/inst/clkf_buf/O                                                                                                        | design_1_i/e203_axi_0/inst/u1_clk_wiz/inst/clkfbout_buf_clk_wiz_0                                                                                     |
+-----------+-----------+-----------------+------------+----------------+--------------+-------------------+-------------+-----------------+--------------+-------------------------------+--------------------------------------------------------------------------------------------------------------------------------------------------------------+-------------------------------------------------------------------------------------------------------------------------------------------------------+
* Clock Loads column represents the clock pin loads (pin count)
** Non-Clock Loads column represents the non-clock pin loads (pin count)


3. Global Clock Source Details
------------------------------

+-----------+-----------+---------------------+------------+-----------------+--------------+-------------+-----------------+---------------------+-------------------------------+--------------------------------------------------------------------------------------------------------------------------------------------------+--------------------------------------------------------------------------------------------------------------------------------------------------+
| Source Id | Global Id | Driver Type/Pin     | Constraint | Site            | Clock Region | Clock Loads | Non-Clock Loads | Source Clock Period | Source Clock                  | Driver Pin                                                                                                                                       | Net                                                                                                                                              |
+-----------+-----------+---------------------+------------+-----------------+--------------+-------------+-----------------+---------------------+-------------------------------+--------------------------------------------------------------------------------------------------------------------------------------------------+--------------------------------------------------------------------------------------------------------------------------------------------------+
| src0      | g0        | LUT4/O              | None       | SLICE_X80Y196   | X1Y3         |           1 |               0 |              62.500 | clk_out1_clk_wiz_0            | design_1_i/e203_axi_0/inst/dut/u_e203_subsys_top/u_e203_subsys_main/u_e203_subsys_hclkgen/u_e203_subsys_gfcm/u_clk0_clkgate/aclk_INST_0/O        | design_1_i/e203_axi_0/inst/dut/u_e203_subsys_top/u_e203_subsys_main/u_e203_subsys_hclkgen/u_e203_subsys_gfcm/u_clk0_clkgate/clk0_sync_r_reg[1]_8 |
| src1      | g1        | MMCME2_ADV/CLKOUT0  | None       | MMCME2_ADV_X1Y1 | X1Y1         |           1 |               0 |               5.000 | clk_200_design_1_clk_wiz_0_0  | design_1_i/clk_wiz_0/inst/mmcm_adv_inst/CLKOUT0                                                                                                  | design_1_i/clk_wiz_0/inst/clk_200_design_1_clk_wiz_0_0                                                                                           |
| src2      | g2        | LUT5/O              | None       | SLICE_X80Y196   | X1Y3         |           1 |               0 |              62.500 | clk_out1_clk_wiz_0            | design_1_i/e203_axi_0/inst/dut/u_e203_subsys_top/u_e203_subsys_main/u_e203_subsys_hclkgen/u_e203_subsys_gfcm/u_clk0_clkgate/qout_r[31]_i_3__17/O | design_1_i/e203_axi_0/inst/dut/u_e203_subsys_top/u_e203_subsys_main/u_e203_subsys_hclkgen/u_e203_subsys_gfcm/u_clk0_clkgate/clk0_sync_r_reg[1]_3 |
| src3      | g3        | FDCE/Q              | None       | SLICE_X75Y208   | X0Y4         |           1 |               0 |                     |                               | design_1_i/e203_axi_0/inst/u1_clk_div/clk_div_reg/Q                                                                                              | design_1_i/e203_axi_0/inst/u1_clk_div/CLK32768KHZ                                                                                                |
| src4      | g4        | IBUF/O              | IOB_X0Y102 | IOB_X0Y102      | X0Y2         |           1 |               0 |                     |                               | design_1_i/e203_axi_0/inst/IOBUF_jtag_TCK/IBUF/O                                                                                                 | design_1_i/e203_axi_0/inst/IOBUF_jtag_TCK/O                                                                                                      |
| src5      | g5        | LUT5/O              | None       | SLICE_X79Y195   | X0Y3         |           1 |               0 |              62.500 | clk_out1_clk_wiz_0            | design_1_i/e203_axi_0/inst/dut/u_e203_subsys_top/u_e203_subsys_main/u_e203_subsys_hclkgen/u_e203_subsys_gfcm/u_clk0_clkgate/qout_r[0]_i_2__109/O | design_1_i/e203_axi_0/inst/dut/u_e203_subsys_top/u_e203_subsys_main/u_e203_subsys_hclkgen/u_e203_subsys_gfcm/u_clk0_clkgate/clk_core_ifu         |
| src6      | g6        | LUT5/O              | None       | SLICE_X80Y196   | X1Y3         |           1 |               0 |              62.500 | clk_out1_clk_wiz_0            | design_1_i/e203_axi_0/inst/dut/u_e203_subsys_top/u_e203_subsys_main/u_e203_subsys_hclkgen/u_e203_subsys_gfcm/u_clk0_clkgate/r_active_i_2/O       | design_1_i/e203_axi_0/inst/dut/u_e203_subsys_top/u_e203_subsys_main/u_e203_subsys_hclkgen/u_e203_subsys_gfcm/u_clk0_clkgate/CLK                  |
| src7      | g7        | LUT5/O              | None       | SLICE_X77Y197   | X0Y3         |           1 |               0 |              62.500 | clk_out1_clk_wiz_0            | design_1_i/e203_axi_0/inst/dut/u_e203_subsys_top/u_e203_subsys_main/u_e203_subsys_hclkgen/u_e203_subsys_gfcm/u_clk0_clkgate/r_active_i_2__0/O    | design_1_i/e203_axi_0/inst/dut/u_e203_subsys_top/u_e203_subsys_main/u_e203_subsys_hclkgen/u_e203_subsys_gfcm/u_clk0_clkgate/clk0_sync_r_reg[1]_4 |
| src8      | g8        | LUT5/O              | None       | SLICE_X80Y196   | X1Y3         |           1 |               0 |              62.500 | clk_out1_clk_wiz_0            | design_1_i/e203_axi_0/inst/dut/u_e203_subsys_top/u_e203_subsys_main/u_e203_subsys_hclkgen/u_e203_subsys_gfcm/u_clk0_clkgate/r_active_i_2__1/O    | design_1_i/e203_axi_0/inst/dut/u_e203_subsys_top/u_e203_subsys_main/u_e203_subsys_hclkgen/u_e203_subsys_gfcm/u_clk0_clkgate/clk0_sync_r_reg[1]_5 |
| src9      | g9        | MMCME2_ADV/CLKOUT0  | None       | MMCME2_ADV_X1Y0 | X1Y0         |           1 |               0 |              62.500 | clk_out1_clk_wiz_0            | design_1_i/e203_axi_0/inst/u1_clk_wiz/inst/mmcm_adv_inst/CLKOUT0                                                                                 | design_1_i/e203_axi_0/inst/u1_clk_wiz/inst/clk_out1_clk_wiz_0                                                                                    |
| src10     | g10       | MMCME2_ADV/CLKFBOUT | None       | MMCME2_ADV_X1Y1 | X1Y1         |           1 |               0 |               5.000 | clkfbout_design_1_clk_wiz_0_0 | design_1_i/clk_wiz_0/inst/mmcm_adv_inst/CLKFBOUT                                                                                                 | design_1_i/clk_wiz_0/inst/clkfbout_design_1_clk_wiz_0_0                                                                                          |
| src11     | g11       | MMCME2_ADV/CLKFBOUT | None       | MMCME2_ADV_X1Y0 | X1Y0         |           1 |               0 |               5.000 | clkfbout_clk_wiz_0            | design_1_i/e203_axi_0/inst/u1_clk_wiz/inst/mmcm_adv_inst/CLKFBOUT                                                                                | design_1_i/e203_axi_0/inst/u1_clk_wiz/inst/clkfbout_clk_wiz_0                                                                                    |
+-----------+-----------+---------------------+------------+-----------------+--------------+-------------+-----------------+---------------------+-------------------------------+--------------------------------------------------------------------------------------------------------------------------------------------------+--------------------------------------------------------------------------------------------------------------------------------------------------+
* Clock Loads column represents the clock pin loads (pin count)
** Non-Clock Loads column represents the non-clock pin loads (pin count)


4. Clock Regions: Key Resource Utilization
------------------------------------------

+-------------------+--------------+--------------+--------------+--------------+--------------+--------------+--------------+--------------+--------------+--------------+--------------+--------------+--------------+--------------+--------------+
|                   | Global Clock |     BUFRs    |    BUFMRs    |    BUFIOs    |     MMCM     |      PLL     |      GT      |      PCI     |    ILOGIC    |    OLOGIC    |      FF      |     LUTM     |    RAMB18    |    RAMB36    |    DSP48E2   |
+-------------------+------+-------+------+-------+------+-------+------+-------+------+-------+------+-------+------+-------+------+-------+------+-------+------+-------+------+-------+------+-------+------+-------+------+-------+------+-------+
| Clock Region Name | Used | Avail | Used | Avail | Used | Avail | Used | Avail | Used | Avail | Used | Avail | Used | Avail | Used | Avail | Used | Avail | Used | Avail | Used | Avail | Used | Avail | Used | Avail | Used | Avail | Used | Avail |
+-------------------+------+-------+------+-------+------+-------+------+-------+------+-------+------+-------+------+-------+------+-------+------+-------+------+-------+------+-------+------+-------+------+-------+------+-------+------+-------+
| X0Y0              |    1 |    12 |    0 |     4 |    0 |     2 |    0 |     4 |    0 |     1 |    0 |     1 |    0 |     0 |    0 |     0 |    0 |    50 |    0 |    50 |  534 |  4000 |  164 |  1150 |    0 |    60 |    0 |    30 |    6 |    60 |
| X1Y0              |    2 |    12 |    0 |     4 |    0 |     2 |    0 |     4 |    1 |     1 |    0 |     1 |    0 |     0 |    0 |     0 |    0 |    50 |    0 |    50 |    0 |  3700 |    0 |  1200 |    0 |    80 |    0 |    40 |    0 |    60 |
| X0Y1              |    1 |    12 |    0 |     4 |    0 |     2 |    0 |     4 |    0 |     1 |    0 |     1 |    0 |     0 |    0 |     0 |    0 |    50 |    0 |    50 | 2659 |  4000 |  737 |  1150 |    0 |    60 |    0 |    30 |   15 |    60 |
| X1Y1              |    1 |    12 |    0 |     4 |    0 |     2 |    0 |     4 |    1 |     1 |    0 |     1 |    0 |     0 |    0 |     0 |    0 |    50 |    0 |    50 |    0 |  3700 |    0 |  1200 |    0 |    80 |    0 |    40 |    0 |    60 |
| X0Y2              |    5 |    12 |    0 |     4 |    0 |     2 |    0 |     4 |    0 |     1 |    0 |     1 |    0 |     0 |    0 |     0 |    0 |    50 |    0 |    50 | 1011 |  3400 |  324 |  1150 |    0 |    60 |    0 |    30 |    0 |    60 |
| X1Y2              |    2 |    12 |    0 |     4 |    0 |     2 |    0 |     4 |    0 |     1 |    0 |     1 |    0 |     0 |    0 |     0 |    0 |    50 |    0 |    50 |   25 |  3700 |    0 |  1200 |    0 |    80 |    0 |    40 |    0 |    60 |
| X0Y3              |   10 |    12 |    0 |     4 |    0 |     2 |    0 |     4 |    0 |     1 |    0 |     1 |    0 |     0 |    0 |     0 |    0 |    50 |    0 |    50 | 4800 |  3400 | 1472 |  1150 |    0 |    60 |    0 |    30 |    0 |    60 |
| X1Y3              |    7 |    12 |    0 |     0 |    0 |     0 |    0 |     0 |    0 |     0 |    0 |     0 |    0 |     4 |    0 |     1 |    0 |     0 |    0 |     0 | 1425 |  3150 |  343 |  1050 |    0 |    50 |    0 |    25 |    0 |    60 |
| X0Y4              |    6 |    12 |    0 |     4 |    0 |     2 |    0 |     4 |    0 |     1 |    0 |     1 |    0 |     0 |    0 |     0 |    0 |    50 |    0 |    50 | 2739 |  4000 |  743 |  1150 |    0 |    60 |    0 |    30 |    0 |    60 |
| X1Y4              |    5 |    12 |    0 |     0 |    0 |     0 |    0 |     0 |    0 |     0 |    0 |     0 |    0 |     4 |    0 |     0 |    0 |     0 |    0 |     0 |  321 |  3300 |   63 |  1100 |    0 |    60 |    0 |    30 |    0 |    60 |
| X0Y5              |    0 |    12 |    0 |     4 |    0 |     2 |    0 |     4 |    0 |     1 |    0 |     1 |    0 |     0 |    0 |     0 |    0 |    50 |    0 |    50 |    0 |  4000 |    0 |  1150 |    0 |    60 |    0 |    30 |    0 |    60 |
| X1Y5              |    0 |    12 |    0 |     0 |    0 |     0 |    0 |     0 |    0 |     0 |    0 |     0 |    0 |     4 |    0 |     0 |    0 |     0 |    0 |     0 |    0 |  3300 |    0 |  1100 |    0 |    60 |    0 |    30 |    0 |    60 |
| X0Y6              |    0 |    12 |    0 |     4 |    0 |     2 |    0 |     4 |    0 |     1 |    0 |     1 |    0 |     0 |    0 |     0 |    0 |    50 |    0 |    50 |    0 |  4000 |    0 |  1150 |    0 |    60 |    0 |    30 |    0 |    60 |
| X1Y6              |    0 |    12 |    0 |     0 |    0 |     0 |    0 |     0 |    0 |     0 |    0 |     0 |    0 |     4 |    0 |     0 |    0 |     0 |    0 |     0 |    0 |  3300 |    0 |  1100 |    0 |    60 |    0 |    30 |    0 |    60 |
+-------------------+------+-------+------+-------+------+-------+------+-------+------+-------+------+-------+------+-------+------+-------+------+-------+------+-------+------+-------+------+-------+------+-------+------+-------+------+-------+
* Global Clock column represents track count; while other columns represents cell counts


5. Clock Regions : Global Clock Summary
---------------------------------------

All Modules
+----+----+----+
|    | X0 | X1 |
+----+----+----+
| Y6 |  0 |  0 |
| Y5 |  0 |  0 |
| Y4 |  6 |  5 |
| Y3 | 10 |  7 |
| Y2 |  5 |  2 |
| Y1 |  1 |  1 |
| Y0 |  1 |  2 |
+----+----+----+


6. Device Cell Placement Summary for Global Clock g0
----------------------------------------------------

+-----------+-----------------+-------------------+--------------------+-------------+----------------+-------------+----------+----------------+----------+-------------------------------------------------------------------------------------------------------------------------------------------------------+
| Global Id | Driver Type/Pin | Driver Region (D) | Clock              | Period (ns) | Waveform (ns)  | Slice Loads | IO Loads | Clocking Loads | GT Loads | Net                                                                                                                                                   |
+-----------+-----------------+-------------------+--------------------+-------------+----------------+-------------+----------+----------------+----------+-------------------------------------------------------------------------------------------------------------------------------------------------------+
| g0        | BUFG/O          | n/a               | clk_out1_clk_wiz_0 |      62.500 | {0.000 31.250} |        6047 |        0 |              0 |        0 | design_1_i/e203_axi_0/inst/dut/u_e203_subsys_top/u_e203_subsys_main/u_e203_subsys_hclkgen/u_e203_subsys_gfcm/u_clk0_clkgate/clk0_sync_r_reg[1]_8_BUFG |
+-----------+-----------------+-------------------+--------------------+-------------+----------------+-------------+----------+----------------+----------+-------------------------------------------------------------------------------------------------------------------------------------------------------+
* Slice Loads column represents load cell count of all cell types other than IO, GT and clock resources
** IO Loads column represents load cell count of IO types
*** Clocking Loads column represents load cell count that are clock resources (global clock buffer, MMCM, PLL, etc)
**** GT Loads column represents load cell count of GT types


+----+-------+------+-----------------------+
|    | X0    | X1   | HORIZONTAL PROG DELAY |
+----+-------+------+-----------------------+
| Y6 |     0 |    0 |                     0 |
| Y5 |     0 |    0 |                     0 |
| Y4 |  1680 |  200 |                     0 |
| Y3 |  3280 |  652 |                     0 |
| Y2 |   235 |    0 |                     0 |
| Y1 |     0 |    0 |                     0 |
| Y0 |     0 |    0 |                     0 |
+----+-------+------+-----------------------+


7. Device Cell Placement Summary for Global Clock g1
----------------------------------------------------

+-----------+-----------------+-------------------+------------------------------+-------------+---------------+-------------+----------+----------------+----------+-----------------------------------+
| Global Id | Driver Type/Pin | Driver Region (D) | Clock                        | Period (ns) | Waveform (ns) | Slice Loads | IO Loads | Clocking Loads | GT Loads | Net                               |
+-----------+-----------------+-------------------+------------------------------+-------------+---------------+-------------+----------+----------------+----------+-----------------------------------+
| g1        | BUFG/O          | n/a               | clk_200_design_1_clk_wiz_0_0 |       5.000 | {0.000 2.500} |        4171 |        0 |              1 |        0 | design_1_i/clk_wiz_0/inst/clk_200 |
+-----------+-----------------+-------------------+------------------------------+-------------+---------------+-------------+----------+----------------+----------+-----------------------------------+
* Slice Loads column represents load cell count of all cell types other than IO, GT and clock resources
** IO Loads column represents load cell count of IO types
*** Clocking Loads column represents load cell count that are clock resources (global clock buffer, MMCM, PLL, etc)
**** GT Loads column represents load cell count of GT types


+----+-------+------+-----------------------+
|    | X0    | X1   | HORIZONTAL PROG DELAY |
+----+-------+------+-----------------------+
| Y6 |     0 |    0 |                     0 |
| Y5 |     0 |    0 |                     0 |
| Y4 |     0 |    0 |                     0 |
| Y3 |   334 |  517 |                     0 |
| Y2 |    98 |    8 |                     0 |
| Y1 |  2674 |    0 |                     0 |
| Y0 |   540 |    1 |                     0 |
+----+-------+------+-----------------------+


8. Device Cell Placement Summary for Global Clock g2
----------------------------------------------------

+-----------+-----------------+-------------------+--------------------+-------------+----------------+-------------+----------+----------------+----------+-------------------------------------------------------------------------------------------------------------------------------------------------------+
| Global Id | Driver Type/Pin | Driver Region (D) | Clock              | Period (ns) | Waveform (ns)  | Slice Loads | IO Loads | Clocking Loads | GT Loads | Net                                                                                                                                                   |
+-----------+-----------------+-------------------+--------------------+-------------+----------------+-------------+----------+----------------+----------+-------------------------------------------------------------------------------------------------------------------------------------------------------+
| g2        | BUFG/O          | n/a               | clk_out1_clk_wiz_0 |      62.500 | {0.000 31.250} |        1454 |        0 |              0 |        0 | design_1_i/e203_axi_0/inst/dut/u_e203_subsys_top/u_e203_subsys_main/u_e203_subsys_hclkgen/u_e203_subsys_gfcm/u_clk0_clkgate/clk0_sync_r_reg[1]_3_BUFG |
+-----------+-----------------+-------------------+--------------------+-------------+----------------+-------------+----------+----------------+----------+-------------------------------------------------------------------------------------------------------------------------------------------------------+
* Slice Loads column represents load cell count of all cell types other than IO, GT and clock resources
** IO Loads column represents load cell count of IO types
*** Clocking Loads column represents load cell count that are clock resources (global clock buffer, MMCM, PLL, etc)
**** GT Loads column represents load cell count of GT types


+----+------+-----+-----------------------+
|    | X0   | X1  | HORIZONTAL PROG DELAY |
+----+------+-----+-----------------------+
| Y6 |    0 |   0 |                     0 |
| Y5 |    0 |   0 |                     0 |
| Y4 |    0 |   0 |                     0 |
| Y3 |  844 |  59 |                     0 |
| Y2 |  534 |  17 |                     0 |
| Y1 |    0 |   0 |                     0 |
| Y0 |    0 |   0 |                     0 |
+----+------+-----+-----------------------+


9. Device Cell Placement Summary for Global Clock g3
----------------------------------------------------

+-----------+-----------------+-------------------+-------+-------------+---------------+-------------+----------+----------------+----------+--------------------------------------------------------+
| Global Id | Driver Type/Pin | Driver Region (D) | Clock | Period (ns) | Waveform (ns) | Slice Loads | IO Loads | Clocking Loads | GT Loads | Net                                                    |
+-----------+-----------------+-------------------+-------+-------------+---------------+-------------+----------+----------------+----------+--------------------------------------------------------+
| g3        | BUFG/O          | n/a               |       |             |               |         994 |        0 |              0 |        0 | design_1_i/e203_axi_0/inst/u1_clk_div/CLK32768KHZ_BUFG |
+-----------+-----------------+-------------------+-------+-------------+---------------+-------------+----------+----------------+----------+--------------------------------------------------------+
* Slice Loads column represents load cell count of all cell types other than IO, GT and clock resources
** IO Loads column represents load cell count of IO types
*** Clocking Loads column represents load cell count that are clock resources (global clock buffer, MMCM, PLL, etc)
**** GT Loads column represents load cell count of GT types


+----+------+----+-----------------------+
|    | X0   | X1 | HORIZONTAL PROG DELAY |
+----+------+----+-----------------------+
| Y6 |    0 |  0 |                     0 |
| Y5 |    0 |  0 |                     0 |
| Y4 |  986 |  7 |                     0 |
| Y3 |    1 |  0 |                     0 |
| Y2 |    0 |  0 |                     0 |
| Y1 |    0 |  0 |                     0 |
| Y0 |    0 |  0 |                     0 |
+----+------+----+-----------------------+


10. Device Cell Placement Summary for Global Clock g4
-----------------------------------------------------

+-----------+-----------------+-------------------+-------+-------------+---------------+-------------+----------+----------------+----------+-------------------------------------------------------------+
| Global Id | Driver Type/Pin | Driver Region (D) | Clock | Period (ns) | Waveform (ns) | Slice Loads | IO Loads | Clocking Loads | GT Loads | Net                                                         |
+-----------+-----------------+-------------------+-------+-------------+---------------+-------------+----------+----------------+----------+-------------------------------------------------------------+
| g4        | BUFG/O          | n/a               |       |             |               |         197 |        0 |              0 |        0 | design_1_i/e203_axi_0/inst/dut_io_pads_jtag_TCK_i_ival_BUFG |
+-----------+-----------------+-------------------+-------+-------------+---------------+-------------+----------+----------------+----------+-------------------------------------------------------------+
* Slice Loads column represents load cell count of all cell types other than IO, GT and clock resources
** IO Loads column represents load cell count of IO types
*** Clocking Loads column represents load cell count that are clock resources (global clock buffer, MMCM, PLL, etc)
**** GT Loads column represents load cell count of GT types


+----+------+----+-----------------------+
|    | X0   | X1 | HORIZONTAL PROG DELAY |
+----+------+----+-----------------------+
| Y6 |    0 |  0 |                     0 |
| Y5 |    0 |  0 |                     0 |
| Y4 |    0 |  0 |                     0 |
| Y3 |  197 |  0 |                     0 |
| Y2 |    0 |  0 |                     0 |
| Y1 |    0 |  0 |                     0 |
| Y0 |    0 |  0 |                     0 |
+----+------+----+-----------------------+


11. Device Cell Placement Summary for Global Clock g5
-----------------------------------------------------

+-----------+-----------------+-------------------+--------------------+-------------+----------------+-------------+----------+----------------+----------+-----------------------------------------------------------------------------------------------------------------------------------------------+
| Global Id | Driver Type/Pin | Driver Region (D) | Clock              | Period (ns) | Waveform (ns)  | Slice Loads | IO Loads | Clocking Loads | GT Loads | Net                                                                                                                                           |
+-----------+-----------------+-------------------+--------------------+-------------+----------------+-------------+----------+----------------+----------+-----------------------------------------------------------------------------------------------------------------------------------------------+
| g5        | BUFG/O          | n/a               | clk_out1_clk_wiz_0 |      62.500 | {0.000 31.250} |         182 |        0 |              0 |        0 | design_1_i/e203_axi_0/inst/dut/u_e203_subsys_top/u_e203_subsys_main/u_e203_subsys_hclkgen/u_e203_subsys_gfcm/u_clk0_clkgate/clk_core_ifu_BUFG |
+-----------+-----------------+-------------------+--------------------+-------------+----------------+-------------+----------+----------------+----------+-----------------------------------------------------------------------------------------------------------------------------------------------+
* Slice Loads column represents load cell count of all cell types other than IO, GT and clock resources
** IO Loads column represents load cell count of IO types
*** Clocking Loads column represents load cell count that are clock resources (global clock buffer, MMCM, PLL, etc)
**** GT Loads column represents load cell count of GT types


+----+------+----+-----------------------+
|    | X0   | X1 | HORIZONTAL PROG DELAY |
+----+------+----+-----------------------+
| Y6 |    0 |  0 |                     0 |
| Y5 |    0 |  0 |                     0 |
| Y4 |    0 |  0 |                     0 |
| Y3 |   37 |  0 |                     0 |
| Y2 |  145 |  0 |                     0 |
| Y1 |    0 |  0 |                     0 |
| Y0 |    0 |  0 |                     0 |
+----+------+----+-----------------------+


12. Device Cell Placement Summary for Global Clock g6
-----------------------------------------------------

+-----------+-----------------+-------------------+--------------------+-------------+----------------+-------------+----------+----------------+----------+--------------------------------------------------------------------------------------------------------------------------------------+
| Global Id | Driver Type/Pin | Driver Region (D) | Clock              | Period (ns) | Waveform (ns)  | Slice Loads | IO Loads | Clocking Loads | GT Loads | Net                                                                                                                                  |
+-----------+-----------------+-------------------+--------------------+-------------+----------------+-------------+----------+----------------+----------+--------------------------------------------------------------------------------------------------------------------------------------+
| g6        | BUFG/O          | n/a               | clk_out1_clk_wiz_0 |      62.500 | {0.000 31.250} |         171 |        0 |              0 |        0 | design_1_i/e203_axi_0/inst/dut/u_e203_subsys_top/u_e203_subsys_main/u_e203_subsys_hclkgen/u_e203_subsys_gfcm/u_clk0_clkgate/CLK_BUFG |
+-----------+-----------------+-------------------+--------------------+-------------+----------------+-------------+----------+----------------+----------+--------------------------------------------------------------------------------------------------------------------------------------+
* Slice Loads column represents load cell count of all cell types other than IO, GT and clock resources
** IO Loads column represents load cell count of IO types
*** Clocking Loads column represents load cell count that are clock resources (global clock buffer, MMCM, PLL, etc)
**** GT Loads column represents load cell count of GT types


+----+-----+-----+-----------------------+
|    | X0  | X1  | HORIZONTAL PROG DELAY |
+----+-----+-----+-----------------------+
| Y6 |   0 |   0 |                     0 |
| Y5 |   0 |   0 |                     0 |
| Y4 |  13 |  49 |                     0 |
| Y3 |  29 |  80 |                     0 |
| Y2 |   0 |   0 |                     0 |
| Y1 |   0 |   0 |                     0 |
| Y0 |   0 |   0 |                     0 |
+----+-----+-----+-----------------------+


13. Device Cell Placement Summary for Global Clock g7
-----------------------------------------------------

+-----------+-----------------+-------------------+--------------------+-------------+----------------+-------------+----------+----------------+----------+-------------------------------------------------------------------------------------------------------------------------------------------------------+
| Global Id | Driver Type/Pin | Driver Region (D) | Clock              | Period (ns) | Waveform (ns)  | Slice Loads | IO Loads | Clocking Loads | GT Loads | Net                                                                                                                                                   |
+-----------+-----------------+-------------------+--------------------+-------------+----------------+-------------+----------+----------------+----------+-------------------------------------------------------------------------------------------------------------------------------------------------------+
| g7        | BUFG/O          | n/a               | clk_out1_clk_wiz_0 |      62.500 | {0.000 31.250} |         171 |        0 |              0 |        0 | design_1_i/e203_axi_0/inst/dut/u_e203_subsys_top/u_e203_subsys_main/u_e203_subsys_hclkgen/u_e203_subsys_gfcm/u_clk0_clkgate/clk0_sync_r_reg[1]_4_BUFG |
+-----------+-----------------+-------------------+--------------------+-------------+----------------+-------------+----------+----------------+----------+-------------------------------------------------------------------------------------------------------------------------------------------------------+
* Slice Loads column represents load cell count of all cell types other than IO, GT and clock resources
** IO Loads column represents load cell count of IO types
*** Clocking Loads column represents load cell count that are clock resources (global clock buffer, MMCM, PLL, etc)
**** GT Loads column represents load cell count of GT types


+----+-----+-----+-----------------------+
|    | X0  | X1  | HORIZONTAL PROG DELAY |
+----+-----+-----+-----------------------+
| Y6 |   0 |   0 |                     0 |
| Y5 |   0 |   0 |                     0 |
| Y4 |  27 |  31 |                     0 |
| Y3 |  49 |  64 |                     0 |
| Y2 |   0 |   0 |                     0 |
| Y1 |   0 |   0 |                     0 |
| Y0 |   0 |   0 |                     0 |
+----+-----+-----+-----------------------+


14. Device Cell Placement Summary for Global Clock g8
-----------------------------------------------------

+-----------+-----------------+-------------------+--------------------+-------------+----------------+-------------+----------+----------------+----------+-------------------------------------------------------------------------------------------------------------------------------------------------------+
| Global Id | Driver Type/Pin | Driver Region (D) | Clock              | Period (ns) | Waveform (ns)  | Slice Loads | IO Loads | Clocking Loads | GT Loads | Net                                                                                                                                                   |
+-----------+-----------------+-------------------+--------------------+-------------+----------------+-------------+----------+----------------+----------+-------------------------------------------------------------------------------------------------------------------------------------------------------+
| g8        | BUFG/O          | n/a               | clk_out1_clk_wiz_0 |      62.500 | {0.000 31.250} |         171 |        0 |              0 |        0 | design_1_i/e203_axi_0/inst/dut/u_e203_subsys_top/u_e203_subsys_main/u_e203_subsys_hclkgen/u_e203_subsys_gfcm/u_clk0_clkgate/clk0_sync_r_reg[1]_5_BUFG |
+-----------+-----------------+-------------------+--------------------+-------------+----------------+-------------+----------+----------------+----------+-------------------------------------------------------------------------------------------------------------------------------------------------------+
* Slice Loads column represents load cell count of all cell types other than IO, GT and clock resources
** IO Loads column represents load cell count of IO types
*** Clocking Loads column represents load cell count that are clock resources (global clock buffer, MMCM, PLL, etc)
**** GT Loads column represents load cell count of GT types


+----+-----+-----+-----------------------+
|    | X0  | X1  | HORIZONTAL PROG DELAY |
+----+-----+-----+-----------------------+
| Y6 |   0 |   0 |                     0 |
| Y5 |   0 |   0 |                     0 |
| Y4 |  23 |  37 |                     0 |
| Y3 |  47 |  64 |                     0 |
| Y2 |   0 |   0 |                     0 |
| Y1 |   0 |   0 |                     0 |
| Y0 |   0 |   0 |                     0 |
+----+-----+-----+-----------------------+


15. Device Cell Placement Summary for Global Clock g9
-----------------------------------------------------

+-----------+-----------------+-------------------+--------------------+-------------+----------------+-------------+----------+----------------+----------+-----------------------------------------------------+
| Global Id | Driver Type/Pin | Driver Region (D) | Clock              | Period (ns) | Waveform (ns)  | Slice Loads | IO Loads | Clocking Loads | GT Loads | Net                                                 |
+-----------+-----------------+-------------------+--------------------+-------------+----------------+-------------+----------+----------------+----------+-----------------------------------------------------+
| g9        | BUFG/O          | n/a               | clk_out1_clk_wiz_0 |      62.500 | {0.000 31.250} |          42 |        0 |              0 |        0 | design_1_i/e203_axi_0/inst/u1_clk_wiz/inst/clk_out1 |
+-----------+-----------------+-------------------+--------------------+-------------+----------------+-------------+----------+----------------+----------+-----------------------------------------------------+
* Slice Loads column represents load cell count of all cell types other than IO, GT and clock resources
** IO Loads column represents load cell count of IO types
*** Clocking Loads column represents load cell count that are clock resources (global clock buffer, MMCM, PLL, etc)
**** GT Loads column represents load cell count of GT types


+----+-----+----+-----------------------+
|    | X0  | X1 | HORIZONTAL PROG DELAY |
+----+-----+----+-----------------------+
| Y6 |   0 |  0 |                     0 |
| Y5 |   0 |  0 |                     0 |
| Y4 |  11 |  0 |                     0 |
| Y3 |  18 |  4 |                     0 |
| Y2 |   9 |  0 |                     0 |
| Y1 |   0 |  0 |                     0 |
| Y0 |   0 |  0 |                     0 |
+----+-----+----+-----------------------+


16. Device Cell Placement Summary for Global Clock g10
------------------------------------------------------

+-----------+-----------------+-------------------+-------------------------------+-------------+---------------+-------------+----------+----------------+----------+-------------------------------------------------------------+
| Global Id | Driver Type/Pin | Driver Region (D) | Clock                         | Period (ns) | Waveform (ns) | Slice Loads | IO Loads | Clocking Loads | GT Loads | Net                                                         |
+-----------+-----------------+-------------------+-------------------------------+-------------+---------------+-------------+----------+----------------+----------+-------------------------------------------------------------+
| g10       | BUFG/O          | n/a               | clkfbout_design_1_clk_wiz_0_0 |       5.000 | {0.000 2.500} |           0 |        0 |              1 |        0 | design_1_i/clk_wiz_0/inst/clkfbout_buf_design_1_clk_wiz_0_0 |
+-----------+-----------------+-------------------+-------------------------------+-------------+---------------+-------------+----------+----------------+----------+-------------------------------------------------------------+
* Slice Loads column represents load cell count of all cell types other than IO, GT and clock resources
** IO Loads column represents load cell count of IO types
*** Clocking Loads column represents load cell count that are clock resources (global clock buffer, MMCM, PLL, etc)
**** GT Loads column represents load cell count of GT types


+----+----+----+-----------------------+
|    | X0 | X1 | HORIZONTAL PROG DELAY |
+----+----+----+-----------------------+
| Y6 |  0 |  0 |                     0 |
| Y5 |  0 |  0 |                     0 |
| Y4 |  0 |  0 |                     0 |
| Y3 |  0 |  0 |                     0 |
| Y2 |  0 |  0 |                     0 |
| Y1 |  0 |  1 |                     0 |
| Y0 |  0 |  0 |                     0 |
+----+----+----+-----------------------+


17. Device Cell Placement Summary for Global Clock g11
------------------------------------------------------

+-----------+-----------------+-------------------+--------------------+-------------+---------------+-------------+----------+----------------+----------+-------------------------------------------------------------------+
| Global Id | Driver Type/Pin | Driver Region (D) | Clock              | Period (ns) | Waveform (ns) | Slice Loads | IO Loads | Clocking Loads | GT Loads | Net                                                               |
+-----------+-----------------+-------------------+--------------------+-------------+---------------+-------------+----------+----------------+----------+-------------------------------------------------------------------+
| g11       | BUFG/O          | n/a               | clkfbout_clk_wiz_0 |       5.000 | {0.000 2.500} |           0 |        0 |              1 |        0 | design_1_i/e203_axi_0/inst/u1_clk_wiz/inst/clkfbout_buf_clk_wiz_0 |
+-----------+-----------------+-------------------+--------------------+-------------+---------------+-------------+----------+----------------+----------+-------------------------------------------------------------------+
* Slice Loads column represents load cell count of all cell types other than IO, GT and clock resources
** IO Loads column represents load cell count of IO types
*** Clocking Loads column represents load cell count that are clock resources (global clock buffer, MMCM, PLL, etc)
**** GT Loads column represents load cell count of GT types


+----+----+----+-----------------------+
|    | X0 | X1 | HORIZONTAL PROG DELAY |
+----+----+----+-----------------------+
| Y6 |  0 |  0 |                     0 |
| Y5 |  0 |  0 |                     0 |
| Y4 |  0 |  0 |                     0 |
| Y3 |  0 |  0 |                     0 |
| Y2 |  0 |  0 |                     0 |
| Y1 |  0 |  0 |                     0 |
| Y0 |  0 |  1 |                     0 |
+----+----+----+-----------------------+


18. Clock Region Cell Placement per Global Clock: Region X0Y0
-------------------------------------------------------------

+-----------+-------+-----------------+------------+-------------+-----------------+-----+--------+------+-----+----+------+-----+---------+-----------------------------------+
| Global Id | Track | Driver Type/Pin | Constraint | Clock Loads | Non-Clock Loads | FF  | LUTRAM | RAMB | DSP | GT | MMCM | PLL | Hard IP | Net                               |
+-----------+-------+-----------------+------------+-------------+-----------------+-----+--------+------+-----+----+------+-----+---------+-----------------------------------+
| g1        | n/a   | BUFG/O          | None       |         540 |               0 | 534 |      0 |    0 |   6 |  0 |    0 |   0 |       0 | design_1_i/clk_wiz_0/inst/clk_200 |
+-----------+-------+-----------------+------------+-------------+-----------------+-----+--------+------+-----+----+------+-----+---------+-----------------------------------+
* Clock Loads column represents the clock pin loads (pin count)
** Non-Clock Loads column represents the non-clock pin loads (pin count)
*** Columns FF, LUTRAM, RAMB through 'Hard IP' represents load cell counts


19. Clock Region Cell Placement per Global Clock: Region X1Y0
-------------------------------------------------------------

+-----------+-------+-----------------+------------+-------------+-----------------+----+--------+------+-----+----+------+-----+---------+-------------------------------------------------------------------+
| Global Id | Track | Driver Type/Pin | Constraint | Clock Loads | Non-Clock Loads | FF | LUTRAM | RAMB | DSP | GT | MMCM | PLL | Hard IP | Net                                                               |
+-----------+-------+-----------------+------------+-------------+-----------------+----+--------+------+-----+----+------+-----+---------+-------------------------------------------------------------------+
| g1        | n/a   | BUFG/O          | None       |           1 |               0 |  0 |      0 |    0 |   0 |  0 |    1 |   0 |       0 | design_1_i/clk_wiz_0/inst/clk_200                                 |
| g11       | n/a   | BUFG/O          | None       |           1 |               0 |  0 |      0 |    0 |   0 |  0 |    1 |   0 |       0 | design_1_i/e203_axi_0/inst/u1_clk_wiz/inst/clkfbout_buf_clk_wiz_0 |
+-----------+-------+-----------------+------------+-------------+-----------------+----+--------+------+-----+----+------+-----+---------+-------------------------------------------------------------------+
* Clock Loads column represents the clock pin loads (pin count)
** Non-Clock Loads column represents the non-clock pin loads (pin count)
*** Columns FF, LUTRAM, RAMB through 'Hard IP' represents load cell counts


20. Clock Region Cell Placement per Global Clock: Region X0Y1
-------------------------------------------------------------

+-----------+-------+-----------------+------------+-------------+-----------------+------+--------+------+-----+----+------+-----+---------+-----------------------------------+
| Global Id | Track | Driver Type/Pin | Constraint | Clock Loads | Non-Clock Loads | FF   | LUTRAM | RAMB | DSP | GT | MMCM | PLL | Hard IP | Net                               |
+-----------+-------+-----------------+------------+-------------+-----------------+------+--------+------+-----+----+------+-----+---------+-----------------------------------+
| g1        | n/a   | BUFG/O          | None       |        2674 |               0 | 2659 |      0 |    0 |  15 |  0 |    0 |   0 |       0 | design_1_i/clk_wiz_0/inst/clk_200 |
+-----------+-------+-----------------+------------+-------------+-----------------+------+--------+------+-----+----+------+-----+---------+-----------------------------------+
* Clock Loads column represents the clock pin loads (pin count)
** Non-Clock Loads column represents the non-clock pin loads (pin count)
*** Columns FF, LUTRAM, RAMB through 'Hard IP' represents load cell counts


21. Clock Region Cell Placement per Global Clock: Region X1Y1
-------------------------------------------------------------

+-----------+-------+-----------------+------------+-------------+-----------------+----+--------+------+-----+----+------+-----+---------+-------------------------------------------------------------+
| Global Id | Track | Driver Type/Pin | Constraint | Clock Loads | Non-Clock Loads | FF | LUTRAM | RAMB | DSP | GT | MMCM | PLL | Hard IP | Net                                                         |
+-----------+-------+-----------------+------------+-------------+-----------------+----+--------+------+-----+----+------+-----+---------+-------------------------------------------------------------+
| g10       | n/a   | BUFG/O          | None       |           1 |               0 |  0 |      0 |    0 |   0 |  0 |    1 |   0 |       0 | design_1_i/clk_wiz_0/inst/clkfbout_buf_design_1_clk_wiz_0_0 |
+-----------+-------+-----------------+------------+-------------+-----------------+----+--------+------+-----+----+------+-----+---------+-------------------------------------------------------------+
* Clock Loads column represents the clock pin loads (pin count)
** Non-Clock Loads column represents the non-clock pin loads (pin count)
*** Columns FF, LUTRAM, RAMB through 'Hard IP' represents load cell counts


22. Clock Region Cell Placement per Global Clock: Region X0Y2
-------------------------------------------------------------

+-----------+-------+-----------------+------------+-------------+-----------------+-----+--------+------+-----+----+------+-----+---------+-------------------------------------------------------------------------------------------------------------------------------------------------------+
| Global Id | Track | Driver Type/Pin | Constraint | Clock Loads | Non-Clock Loads | FF  | LUTRAM | RAMB | DSP | GT | MMCM | PLL | Hard IP | Net                                                                                                                                                   |
+-----------+-------+-----------------+------------+-------------+-----------------+-----+--------+------+-----+----+------+-----+---------+-------------------------------------------------------------------------------------------------------------------------------------------------------+
| g0        | n/a   | BUFG/O          | None       |         235 |               0 | 235 |      0 |    0 |   0 |  0 |    0 |   0 |       0 | design_1_i/e203_axi_0/inst/dut/u_e203_subsys_top/u_e203_subsys_main/u_e203_subsys_hclkgen/u_e203_subsys_gfcm/u_clk0_clkgate/clk0_sync_r_reg[1]_8_BUFG |
| g1        | n/a   | BUFG/O          | None       |          98 |               0 |  97 |      1 |    0 |   0 |  0 |    0 |   0 |       0 | design_1_i/clk_wiz_0/inst/clk_200                                                                                                                     |
| g2        | n/a   | BUFG/O          | None       |         534 |               0 | 534 |      0 |    0 |   0 |  0 |    0 |   0 |       0 | design_1_i/e203_axi_0/inst/dut/u_e203_subsys_top/u_e203_subsys_main/u_e203_subsys_hclkgen/u_e203_subsys_gfcm/u_clk0_clkgate/clk0_sync_r_reg[1]_3_BUFG |
| g5        | n/a   | BUFG/O          | None       |         145 |               0 | 145 |      0 |    0 |   0 |  0 |    0 |   0 |       0 | design_1_i/e203_axi_0/inst/dut/u_e203_subsys_top/u_e203_subsys_main/u_e203_subsys_hclkgen/u_e203_subsys_gfcm/u_clk0_clkgate/clk_core_ifu_BUFG         |
| g9        | n/a   | BUFG/O          | None       |           0 |               9 |   0 |      0 |    0 |   0 |  0 |    0 |   0 |       0 | design_1_i/e203_axi_0/inst/u1_clk_wiz/inst/clk_out1                                                                                                   |
+-----------+-------+-----------------+------------+-------------+-----------------+-----+--------+------+-----+----+------+-----+---------+-------------------------------------------------------------------------------------------------------------------------------------------------------+
* Clock Loads column represents the clock pin loads (pin count)
** Non-Clock Loads column represents the non-clock pin loads (pin count)
*** Columns FF, LUTRAM, RAMB through 'Hard IP' represents load cell counts


23. Clock Region Cell Placement per Global Clock: Region X1Y2
-------------------------------------------------------------

+-----------+-------+-----------------+------------+-------------+-----------------+----+--------+------+-----+----+------+-----+---------+-------------------------------------------------------------------------------------------------------------------------------------------------------+
| Global Id | Track | Driver Type/Pin | Constraint | Clock Loads | Non-Clock Loads | FF | LUTRAM | RAMB | DSP | GT | MMCM | PLL | Hard IP | Net                                                                                                                                                   |
+-----------+-------+-----------------+------------+-------------+-----------------+----+--------+------+-----+----+------+-----+---------+-------------------------------------------------------------------------------------------------------------------------------------------------------+
| g1        | n/a   | BUFG/O          | None       |           8 |               0 |  8 |      0 |    0 |   0 |  0 |    0 |   0 |       0 | design_1_i/clk_wiz_0/inst/clk_200                                                                                                                     |
| g2        | n/a   | BUFG/O          | None       |          17 |               0 | 17 |      0 |    0 |   0 |  0 |    0 |   0 |       0 | design_1_i/e203_axi_0/inst/dut/u_e203_subsys_top/u_e203_subsys_main/u_e203_subsys_hclkgen/u_e203_subsys_gfcm/u_clk0_clkgate/clk0_sync_r_reg[1]_3_BUFG |
+-----------+-------+-----------------+------------+-------------+-----------------+----+--------+------+-----+----+------+-----+---------+-------------------------------------------------------------------------------------------------------------------------------------------------------+
* Clock Loads column represents the clock pin loads (pin count)
** Non-Clock Loads column represents the non-clock pin loads (pin count)
*** Columns FF, LUTRAM, RAMB through 'Hard IP' represents load cell counts


24. Clock Region Cell Placement per Global Clock: Region X0Y3
-------------------------------------------------------------

+-----------+-------+-----------------+------------+-------------+-----------------+------+--------+------+-----+----+------+-----+---------+-------------------------------------------------------------------------------------------------------------------------------------------------------+
| Global Id | Track | Driver Type/Pin | Constraint | Clock Loads | Non-Clock Loads | FF   | LUTRAM | RAMB | DSP | GT | MMCM | PLL | Hard IP | Net                                                                                                                                                   |
+-----------+-------+-----------------+------------+-------------+-----------------+------+--------+------+-----+----+------+-----+---------+-------------------------------------------------------------------------------------------------------------------------------------------------------+
| g0        | n/a   | BUFG/O          | None       |        3280 |               0 | 3280 |      0 |    0 |   0 |  0 |    0 |   0 |       0 | design_1_i/e203_axi_0/inst/dut/u_e203_subsys_top/u_e203_subsys_main/u_e203_subsys_hclkgen/u_e203_subsys_gfcm/u_clk0_clkgate/clk0_sync_r_reg[1]_8_BUFG |
| g1        | n/a   | BUFG/O          | None       |         334 |               0 |  306 |     28 |    0 |   0 |  0 |    0 |   0 |       0 | design_1_i/clk_wiz_0/inst/clk_200                                                                                                                     |
| g2        | n/a   | BUFG/O          | None       |         844 |               0 |  844 |      0 |    0 |   0 |  0 |    0 |   0 |       0 | design_1_i/e203_axi_0/inst/dut/u_e203_subsys_top/u_e203_subsys_main/u_e203_subsys_hclkgen/u_e203_subsys_gfcm/u_clk0_clkgate/clk0_sync_r_reg[1]_3_BUFG |
| g3        | n/a   | BUFG/O          | None       |           1 |               0 |    1 |      0 |    0 |   0 |  0 |    0 |   0 |       0 | design_1_i/e203_axi_0/inst/u1_clk_div/CLK32768KHZ_BUFG                                                                                                |
| g4        | n/a   | BUFG/O          | None       |         197 |               0 |  197 |      0 |    0 |   0 |  0 |    0 |   0 |       0 | design_1_i/e203_axi_0/inst/dut_io_pads_jtag_TCK_i_ival_BUFG                                                                                           |
| g5        | n/a   | BUFG/O          | None       |          37 |               0 |   37 |      0 |    0 |   0 |  0 |    0 |   0 |       0 | design_1_i/e203_axi_0/inst/dut/u_e203_subsys_top/u_e203_subsys_main/u_e203_subsys_hclkgen/u_e203_subsys_gfcm/u_clk0_clkgate/clk_core_ifu_BUFG         |
| g6        | n/a   | BUFG/O          | None       |          29 |               0 |   29 |      0 |    0 |   0 |  0 |    0 |   0 |       0 | design_1_i/e203_axi_0/inst/dut/u_e203_subsys_top/u_e203_subsys_main/u_e203_subsys_hclkgen/u_e203_subsys_gfcm/u_clk0_clkgate/CLK_BUFG                  |
| g7        | n/a   | BUFG/O          | None       |          49 |               0 |   49 |      0 |    0 |   0 |  0 |    0 |   0 |       0 | design_1_i/e203_axi_0/inst/dut/u_e203_subsys_top/u_e203_subsys_main/u_e203_subsys_hclkgen/u_e203_subsys_gfcm/u_clk0_clkgate/clk0_sync_r_reg[1]_4_BUFG |
| g8        | n/a   | BUFG/O          | None       |          47 |               0 |   47 |      0 |    0 |   0 |  0 |    0 |   0 |       0 | design_1_i/e203_axi_0/inst/dut/u_e203_subsys_top/u_e203_subsys_main/u_e203_subsys_hclkgen/u_e203_subsys_gfcm/u_clk0_clkgate/clk0_sync_r_reg[1]_5_BUFG |
| g9        | n/a   | BUFG/O          | None       |          12 |               6 |   10 |      0 |    0 |   0 |  0 |    0 |   0 |       0 | design_1_i/e203_axi_0/inst/u1_clk_wiz/inst/clk_out1                                                                                                   |
+-----------+-------+-----------------+------------+-------------+-----------------+------+--------+------+-----+----+------+-----+---------+-------------------------------------------------------------------------------------------------------------------------------------------------------+
* Clock Loads column represents the clock pin loads (pin count)
** Non-Clock Loads column represents the non-clock pin loads (pin count)
*** Columns FF, LUTRAM, RAMB through 'Hard IP' represents load cell counts


25. Clock Region Cell Placement per Global Clock: Region X1Y3
-------------------------------------------------------------

+-----------+-------+-----------------+------------+-------------+-----------------+-----+--------+------+-----+----+------+-----+---------+-------------------------------------------------------------------------------------------------------------------------------------------------------+
| Global Id | Track | Driver Type/Pin | Constraint | Clock Loads | Non-Clock Loads | FF  | LUTRAM | RAMB | DSP | GT | MMCM | PLL | Hard IP | Net                                                                                                                                                   |
+-----------+-------+-----------------+------------+-------------+-----------------+-----+--------+------+-----+----+------+-----+---------+-------------------------------------------------------------------------------------------------------------------------------------------------------+
| g0        | n/a   | BUFG/O          | None       |         652 |               0 | 652 |      0 |    0 |   0 |  0 |    0 |   0 |       0 | design_1_i/e203_axi_0/inst/dut/u_e203_subsys_top/u_e203_subsys_main/u_e203_subsys_hclkgen/u_e203_subsys_gfcm/u_clk0_clkgate/clk0_sync_r_reg[1]_8_BUFG |
| g1        | n/a   | BUFG/O          | None       |         517 |               0 | 506 |     11 |    0 |   0 |  0 |    0 |   0 |       0 | design_1_i/clk_wiz_0/inst/clk_200                                                                                                                     |
| g2        | n/a   | BUFG/O          | None       |          59 |               0 |  59 |      0 |    0 |   0 |  0 |    0 |   0 |       0 | design_1_i/e203_axi_0/inst/dut/u_e203_subsys_top/u_e203_subsys_main/u_e203_subsys_hclkgen/u_e203_subsys_gfcm/u_clk0_clkgate/clk0_sync_r_reg[1]_3_BUFG |
| g6        | n/a   | BUFG/O          | None       |          80 |               0 |  80 |      0 |    0 |   0 |  0 |    0 |   0 |       0 | design_1_i/e203_axi_0/inst/dut/u_e203_subsys_top/u_e203_subsys_main/u_e203_subsys_hclkgen/u_e203_subsys_gfcm/u_clk0_clkgate/CLK_BUFG                  |
| g7        | n/a   | BUFG/O          | None       |          64 |               0 |  64 |      0 |    0 |   0 |  0 |    0 |   0 |       0 | design_1_i/e203_axi_0/inst/dut/u_e203_subsys_top/u_e203_subsys_main/u_e203_subsys_hclkgen/u_e203_subsys_gfcm/u_clk0_clkgate/clk0_sync_r_reg[1]_4_BUFG |
| g8        | n/a   | BUFG/O          | None       |          64 |               0 |  64 |      0 |    0 |   0 |  0 |    0 |   0 |       0 | design_1_i/e203_axi_0/inst/dut/u_e203_subsys_top/u_e203_subsys_main/u_e203_subsys_hclkgen/u_e203_subsys_gfcm/u_clk0_clkgate/clk0_sync_r_reg[1]_5_BUFG |
| g9        | n/a   | BUFG/O          | None       |           0 |               4 |   0 |      0 |    0 |   0 |  0 |    0 |   0 |       0 | design_1_i/e203_axi_0/inst/u1_clk_wiz/inst/clk_out1                                                                                                   |
+-----------+-------+-----------------+------------+-------------+-----------------+-----+--------+------+-----+----+------+-----+---------+-------------------------------------------------------------------------------------------------------------------------------------------------------+
* Clock Loads column represents the clock pin loads (pin count)
** Non-Clock Loads column represents the non-clock pin loads (pin count)
*** Columns FF, LUTRAM, RAMB through 'Hard IP' represents load cell counts


26. Clock Region Cell Placement per Global Clock: Region X0Y4
-------------------------------------------------------------

+-----------+-------+-----------------+------------+-------------+-----------------+------+--------+------+-----+----+------+-----+---------+-------------------------------------------------------------------------------------------------------------------------------------------------------+
| Global Id | Track | Driver Type/Pin | Constraint | Clock Loads | Non-Clock Loads | FF   | LUTRAM | RAMB | DSP | GT | MMCM | PLL | Hard IP | Net                                                                                                                                                   |
+-----------+-------+-----------------+------------+-------------+-----------------+------+--------+------+-----+----+------+-----+---------+-------------------------------------------------------------------------------------------------------------------------------------------------------+
| g0        | n/a   | BUFG/O          | None       |        1680 |               0 | 1680 |      0 |    0 |   0 |  0 |    0 |   0 |       0 | design_1_i/e203_axi_0/inst/dut/u_e203_subsys_top/u_e203_subsys_main/u_e203_subsys_hclkgen/u_e203_subsys_gfcm/u_clk0_clkgate/clk0_sync_r_reg[1]_8_BUFG |
| g3        | n/a   | BUFG/O          | None       |         985 |               1 |  985 |      0 |    0 |   0 |  0 |    0 |   0 |       0 | design_1_i/e203_axi_0/inst/u1_clk_div/CLK32768KHZ_BUFG                                                                                                |
| g6        | n/a   | BUFG/O          | None       |          13 |               0 |   13 |      0 |    0 |   0 |  0 |    0 |   0 |       0 | design_1_i/e203_axi_0/inst/dut/u_e203_subsys_top/u_e203_subsys_main/u_e203_subsys_hclkgen/u_e203_subsys_gfcm/u_clk0_clkgate/CLK_BUFG                  |
| g7        | n/a   | BUFG/O          | None       |          27 |               0 |   27 |      0 |    0 |   0 |  0 |    0 |   0 |       0 | design_1_i/e203_axi_0/inst/dut/u_e203_subsys_top/u_e203_subsys_main/u_e203_subsys_hclkgen/u_e203_subsys_gfcm/u_clk0_clkgate/clk0_sync_r_reg[1]_4_BUFG |
| g8        | n/a   | BUFG/O          | None       |          23 |               0 |   23 |      0 |    0 |   0 |  0 |    0 |   0 |       0 | design_1_i/e203_axi_0/inst/dut/u_e203_subsys_top/u_e203_subsys_main/u_e203_subsys_hclkgen/u_e203_subsys_gfcm/u_clk0_clkgate/clk0_sync_r_reg[1]_5_BUFG |
| g9        | n/a   | BUFG/O          | None       |          11 |               0 |   11 |      0 |    0 |   0 |  0 |    0 |   0 |       0 | design_1_i/e203_axi_0/inst/u1_clk_wiz/inst/clk_out1                                                                                                   |
+-----------+-------+-----------------+------------+-------------+-----------------+------+--------+------+-----+----+------+-----+---------+-------------------------------------------------------------------------------------------------------------------------------------------------------+
* Clock Loads column represents the clock pin loads (pin count)
** Non-Clock Loads column represents the non-clock pin loads (pin count)
*** Columns FF, LUTRAM, RAMB through 'Hard IP' represents load cell counts


27. Clock Region Cell Placement per Global Clock: Region X1Y4
-------------------------------------------------------------

+-----------+-------+-----------------+------------+-------------+-----------------+-----+--------+------+-----+----+------+-----+---------+-------------------------------------------------------------------------------------------------------------------------------------------------------+
| Global Id | Track | Driver Type/Pin | Constraint | Clock Loads | Non-Clock Loads | FF  | LUTRAM | RAMB | DSP | GT | MMCM | PLL | Hard IP | Net                                                                                                                                                   |
+-----------+-------+-----------------+------------+-------------+-----------------+-----+--------+------+-----+----+------+-----+---------+-------------------------------------------------------------------------------------------------------------------------------------------------------+
| g0        | n/a   | BUFG/O          | None       |         200 |               0 | 200 |      0 |    0 |   0 |  0 |    0 |   0 |       0 | design_1_i/e203_axi_0/inst/dut/u_e203_subsys_top/u_e203_subsys_main/u_e203_subsys_hclkgen/u_e203_subsys_gfcm/u_clk0_clkgate/clk0_sync_r_reg[1]_8_BUFG |
| g3        | n/a   | BUFG/O          | None       |           3 |               4 |   7 |      0 |    0 |   0 |  0 |    0 |   0 |       0 | design_1_i/e203_axi_0/inst/u1_clk_div/CLK32768KHZ_BUFG                                                                                                |
| g6        | n/a   | BUFG/O          | None       |          49 |               0 |  49 |      0 |    0 |   0 |  0 |    0 |   0 |       0 | design_1_i/e203_axi_0/inst/dut/u_e203_subsys_top/u_e203_subsys_main/u_e203_subsys_hclkgen/u_e203_subsys_gfcm/u_clk0_clkgate/CLK_BUFG                  |
| g7        | n/a   | BUFG/O          | None       |          31 |               0 |  31 |      0 |    0 |   0 |  0 |    0 |   0 |       0 | design_1_i/e203_axi_0/inst/dut/u_e203_subsys_top/u_e203_subsys_main/u_e203_subsys_hclkgen/u_e203_subsys_gfcm/u_clk0_clkgate/clk0_sync_r_reg[1]_4_BUFG |
| g8        | n/a   | BUFG/O          | None       |          37 |               0 |  37 |      0 |    0 |   0 |  0 |    0 |   0 |       0 | design_1_i/e203_axi_0/inst/dut/u_e203_subsys_top/u_e203_subsys_main/u_e203_subsys_hclkgen/u_e203_subsys_gfcm/u_clk0_clkgate/clk0_sync_r_reg[1]_5_BUFG |
+-----------+-------+-----------------+------------+-------------+-----------------+-----+--------+------+-----+----+------+-----+---------+-------------------------------------------------------------------------------------------------------------------------------------------------------+
* Clock Loads column represents the clock pin loads (pin count)
** Non-Clock Loads column represents the non-clock pin loads (pin count)
*** Columns FF, LUTRAM, RAMB through 'Hard IP' represents load cell counts



# Location of BUFG Primitives 
set_property LOC BUFGCTRL_X0Y11 [get_cells design_1_i/e203_axi_0/inst/u1_clk_wiz/inst/clkf_buf]
set_property LOC BUFGCTRL_X0Y9 [get_cells design_1_i/e203_axi_0/inst/u1_clk_wiz/inst/clkout1_buf]
set_property LOC BUFGCTRL_X0Y3 [get_cells design_1_i/e203_axi_0/inst/u1_clk_div/CLK32768KHZ_BUFG_inst]
set_property LOC BUFGCTRL_X0Y4 [get_cells design_1_i/e203_axi_0/inst/dut_io_pads_jtag_TCK_i_ival_BUFG_inst]
set_property LOC BUFGCTRL_X0Y5 [get_cells design_1_i/e203_axi_0/inst/dut/u_e203_subsys_top/u_e203_subsys_main/u_e203_subsys_hclkgen/u_e203_subsys_gfcm/u_clk0_clkgate/clk_core_ifu_BUFG_inst]
set_property LOC BUFGCTRL_X0Y0 [get_cells design_1_i/e203_axi_0/inst/dut/u_e203_subsys_top/u_e203_subsys_main/u_e203_subsys_hclkgen/u_e203_subsys_gfcm/u_clk0_clkgate/clk0_sync_r_reg[1]_8_BUFG_inst]
set_property LOC BUFGCTRL_X0Y8 [get_cells design_1_i/e203_axi_0/inst/dut/u_e203_subsys_top/u_e203_subsys_main/u_e203_subsys_hclkgen/u_e203_subsys_gfcm/u_clk0_clkgate/clk0_sync_r_reg[1]_5_BUFG_inst]
set_property LOC BUFGCTRL_X0Y7 [get_cells design_1_i/e203_axi_0/inst/dut/u_e203_subsys_top/u_e203_subsys_main/u_e203_subsys_hclkgen/u_e203_subsys_gfcm/u_clk0_clkgate/clk0_sync_r_reg[1]_4_BUFG_inst]
set_property LOC BUFGCTRL_X0Y2 [get_cells design_1_i/e203_axi_0/inst/dut/u_e203_subsys_top/u_e203_subsys_main/u_e203_subsys_hclkgen/u_e203_subsys_gfcm/u_clk0_clkgate/clk0_sync_r_reg[1]_3_BUFG_inst]
set_property LOC BUFGCTRL_X0Y6 [get_cells design_1_i/e203_axi_0/inst/dut/u_e203_subsys_top/u_e203_subsys_main/u_e203_subsys_hclkgen/u_e203_subsys_gfcm/u_clk0_clkgate/CLK_BUFG_inst]
set_property LOC BUFGCTRL_X0Y10 [get_cells design_1_i/clk_wiz_0/inst/clkf_buf]
set_property LOC BUFGCTRL_X0Y1 [get_cells design_1_i/clk_wiz_0/inst/clkout1_buf]

# Location of IO Primitives which is load of clock spine

# Location of clock ports
set_property LOC IOB_X1Y75 [get_ports clk_in1_n_0]
set_property LOC IOB_X1Y76 [get_ports clk_in1_p_0]

# Clock net "design_1_i/e203_axi_0/inst/u1_clk_wiz/inst/clk_out1" driven by instance "design_1_i/e203_axi_0/inst/u1_clk_wiz/inst/clkout1_buf" located at site "BUFGCTRL_X0Y9"
#startgroup
create_pblock {CLKAG_design_1_i/e203_axi_0/inst/u1_clk_wiz/inst/clk_out1}
add_cells_to_pblock [get_pblocks  {CLKAG_design_1_i/e203_axi_0/inst/u1_clk_wiz/inst/clk_out1}] [get_cells -filter { PRIMITIVE_GROUP != I/O && IS_PRIMITIVE==1 && PRIMITIVE_LEVEL !=INTERNAL } -of_object [get_pins -filter {DIRECTION==IN} -of_objects [get_nets -hierarchical -filter {PARENT=="design_1_i/e203_axi_0/inst/u1_clk_wiz/inst/clk_out1"}]]]
resize_pblock [get_pblocks {CLKAG_design_1_i/e203_axi_0/inst/u1_clk_wiz/inst/clk_out1}] -add {CLOCKREGION_X0Y2:CLOCKREGION_X0Y2 CLOCKREGION_X0Y3:CLOCKREGION_X0Y3 CLOCKREGION_X0Y4:CLOCKREGION_X0Y4 CLOCKREGION_X1Y3:CLOCKREGION_X1Y3}
#endgroup

# Clock net "design_1_i/e203_axi_0/inst/u1_clk_div/CLK32768KHZ_BUFG" driven by instance "design_1_i/e203_axi_0/inst/u1_clk_div/CLK32768KHZ_BUFG_inst" located at site "BUFGCTRL_X0Y3"
#startgroup
create_pblock {CLKAG_design_1_i/e203_axi_0/inst/u1_clk_div/CLK32768KHZ_BUFG}
add_cells_to_pblock [get_pblocks  {CLKAG_design_1_i/e203_axi_0/inst/u1_clk_div/CLK32768KHZ_BUFG}] [get_cells -filter { PRIMITIVE_GROUP != I/O && IS_PRIMITIVE==1 && PRIMITIVE_LEVEL !=INTERNAL } -of_object [get_pins -filter {DIRECTION==IN} -of_objects [get_nets -hierarchical -filter {PARENT=="design_1_i/e203_axi_0/inst/u1_clk_div/CLK32768KHZ_BUFG"}]]]
resize_pblock [get_pblocks {CLKAG_design_1_i/e203_axi_0/inst/u1_clk_div/CLK32768KHZ_BUFG}] -add {CLOCKREGION_X0Y3:CLOCKREGION_X0Y3 CLOCKREGION_X0Y4:CLOCKREGION_X0Y4 CLOCKREGION_X1Y4:CLOCKREGION_X1Y4}
#endgroup

# Clock net "design_1_i/e203_axi_0/inst/dut_io_pads_jtag_TCK_i_ival_BUFG" driven by instance "design_1_i/e203_axi_0/inst/dut_io_pads_jtag_TCK_i_ival_BUFG_inst" located at site "BUFGCTRL_X0Y4"
#startgroup
create_pblock {CLKAG_design_1_i/e203_axi_0/inst/dut_io_pads_jtag_TCK_i_ival_BUFG}
add_cells_to_pblock [get_pblocks  {CLKAG_design_1_i/e203_axi_0/inst/dut_io_pads_jtag_TCK_i_ival_BUFG}] [get_cells -filter { PRIMITIVE_GROUP != I/O && IS_PRIMITIVE==1 && PRIMITIVE_LEVEL !=INTERNAL } -of_object [get_pins -filter {DIRECTION==IN} -of_objects [get_nets -hierarchical -filter {PARENT=="design_1_i/e203_axi_0/inst/dut_io_pads_jtag_TCK_i_ival_BUFG"}]]]
resize_pblock [get_pblocks {CLKAG_design_1_i/e203_axi_0/inst/dut_io_pads_jtag_TCK_i_ival_BUFG}] -add {CLOCKREGION_X0Y3:CLOCKREGION_X0Y3}
#endgroup

# Clock net "design_1_i/e203_axi_0/inst/dut/u_e203_subsys_top/u_e203_subsys_main/u_e203_subsys_hclkgen/u_e203_subsys_gfcm/u_clk0_clkgate/clk_core_ifu_BUFG" driven by instance "design_1_i/e203_axi_0/inst/dut/u_e203_subsys_top/u_e203_subsys_main/u_e203_subsys_hclkgen/u_e203_subsys_gfcm/u_clk0_clkgate/clk_core_ifu_BUFG_inst" located at site "BUFGCTRL_X0Y5"
#startgroup
create_pblock {CLKAG_design_1_i/e203_axi_0/inst/dut/u_e203_subsys_top/u_e203_subsys_main/u_e203_subsys_hclkgen/u_e203_subsys_gfcm/u_clk0_clkgate/clk_core_ifu_BUFG}
add_cells_to_pblock [get_pblocks  {CLKAG_design_1_i/e203_axi_0/inst/dut/u_e203_subsys_top/u_e203_subsys_main/u_e203_subsys_hclkgen/u_e203_subsys_gfcm/u_clk0_clkgate/clk_core_ifu_BUFG}] [get_cells -filter { PRIMITIVE_GROUP != I/O && IS_PRIMITIVE==1 && PRIMITIVE_LEVEL !=INTERNAL } -of_object [get_pins -filter {DIRECTION==IN} -of_objects [get_nets -hierarchical -filter {PARENT=="design_1_i/e203_axi_0/inst/dut/u_e203_subsys_top/u_e203_subsys_main/u_e203_subsys_hclkgen/u_e203_subsys_gfcm/u_clk0_clkgate/clk_core_ifu_BUFG"}]]]
resize_pblock [get_pblocks {CLKAG_design_1_i/e203_axi_0/inst/dut/u_e203_subsys_top/u_e203_subsys_main/u_e203_subsys_hclkgen/u_e203_subsys_gfcm/u_clk0_clkgate/clk_core_ifu_BUFG}] -add {CLOCKREGION_X0Y2:CLOCKREGION_X0Y2 CLOCKREGION_X0Y3:CLOCKREGION_X0Y3}
#endgroup

# Clock net "design_1_i/e203_axi_0/inst/dut/u_e203_subsys_top/u_e203_subsys_main/u_e203_subsys_hclkgen/u_e203_subsys_gfcm/u_clk0_clkgate/clk0_sync_r_reg[1]_8_BUFG" driven by instance "design_1_i/e203_axi_0/inst/dut/u_e203_subsys_top/u_e203_subsys_main/u_e203_subsys_hclkgen/u_e203_subsys_gfcm/u_clk0_clkgate/clk0_sync_r_reg[1]_8_BUFG_inst" located at site "BUFGCTRL_X0Y0"
#startgroup
create_pblock {CLKAG_design_1_i/e203_axi_0/inst/dut/u_e203_subsys_top/u_e203_subsys_main/u_e203_subsys_hclkgen/u_e203_subsys_gfcm/u_clk0_clkgate/clk0_sync_r_reg[1]_8_BUFG}
add_cells_to_pblock [get_pblocks  {CLKAG_design_1_i/e203_axi_0/inst/dut/u_e203_subsys_top/u_e203_subsys_main/u_e203_subsys_hclkgen/u_e203_subsys_gfcm/u_clk0_clkgate/clk0_sync_r_reg[1]_8_BUFG}] [get_cells -filter { PRIMITIVE_GROUP != I/O && IS_PRIMITIVE==1 && PRIMITIVE_LEVEL !=INTERNAL } -of_object [get_pins -filter {DIRECTION==IN} -of_objects [get_nets -hierarchical -filter {PARENT=="design_1_i/e203_axi_0/inst/dut/u_e203_subsys_top/u_e203_subsys_main/u_e203_subsys_hclkgen/u_e203_subsys_gfcm/u_clk0_clkgate/clk0_sync_r_reg[1]_8_BUFG"}]]]
resize_pblock [get_pblocks {CLKAG_design_1_i/e203_axi_0/inst/dut/u_e203_subsys_top/u_e203_subsys_main/u_e203_subsys_hclkgen/u_e203_subsys_gfcm/u_clk0_clkgate/clk0_sync_r_reg[1]_8_BUFG}] -add {CLOCKREGION_X0Y2:CLOCKREGION_X0Y2 CLOCKREGION_X0Y3:CLOCKREGION_X0Y3 CLOCKREGION_X0Y4:CLOCKREGION_X0Y4 CLOCKREGION_X1Y3:CLOCKREGION_X1Y3 CLOCKREGION_X1Y4:CLOCKREGION_X1Y4}
#endgroup

# Clock net "design_1_i/e203_axi_0/inst/dut/u_e203_subsys_top/u_e203_subsys_main/u_e203_subsys_hclkgen/u_e203_subsys_gfcm/u_clk0_clkgate/clk0_sync_r_reg[1]_5_BUFG" driven by instance "design_1_i/e203_axi_0/inst/dut/u_e203_subsys_top/u_e203_subsys_main/u_e203_subsys_hclkgen/u_e203_subsys_gfcm/u_clk0_clkgate/clk0_sync_r_reg[1]_5_BUFG_inst" located at site "BUFGCTRL_X0Y8"
#startgroup
create_pblock {CLKAG_design_1_i/e203_axi_0/inst/dut/u_e203_subsys_top/u_e203_subsys_main/u_e203_subsys_hclkgen/u_e203_subsys_gfcm/u_clk0_clkgate/clk0_sync_r_reg[1]_5_BUFG}
add_cells_to_pblock [get_pblocks  {CLKAG_design_1_i/e203_axi_0/inst/dut/u_e203_subsys_top/u_e203_subsys_main/u_e203_subsys_hclkgen/u_e203_subsys_gfcm/u_clk0_clkgate/clk0_sync_r_reg[1]_5_BUFG}] [get_cells -filter { PRIMITIVE_GROUP != I/O && IS_PRIMITIVE==1 && PRIMITIVE_LEVEL !=INTERNAL } -of_object [get_pins -filter {DIRECTION==IN} -of_objects [get_nets -hierarchical -filter {PARENT=="design_1_i/e203_axi_0/inst/dut/u_e203_subsys_top/u_e203_subsys_main/u_e203_subsys_hclkgen/u_e203_subsys_gfcm/u_clk0_clkgate/clk0_sync_r_reg[1]_5_BUFG"}]]]
resize_pblock [get_pblocks {CLKAG_design_1_i/e203_axi_0/inst/dut/u_e203_subsys_top/u_e203_subsys_main/u_e203_subsys_hclkgen/u_e203_subsys_gfcm/u_clk0_clkgate/clk0_sync_r_reg[1]_5_BUFG}] -add {CLOCKREGION_X0Y3:CLOCKREGION_X0Y3 CLOCKREGION_X0Y4:CLOCKREGION_X0Y4 CLOCKREGION_X1Y3:CLOCKREGION_X1Y3 CLOCKREGION_X1Y4:CLOCKREGION_X1Y4}
#endgroup

# Clock net "design_1_i/e203_axi_0/inst/dut/u_e203_subsys_top/u_e203_subsys_main/u_e203_subsys_hclkgen/u_e203_subsys_gfcm/u_clk0_clkgate/clk0_sync_r_reg[1]_4_BUFG" driven by instance "design_1_i/e203_axi_0/inst/dut/u_e203_subsys_top/u_e203_subsys_main/u_e203_subsys_hclkgen/u_e203_subsys_gfcm/u_clk0_clkgate/clk0_sync_r_reg[1]_4_BUFG_inst" located at site "BUFGCTRL_X0Y7"
#startgroup
create_pblock {CLKAG_design_1_i/e203_axi_0/inst/dut/u_e203_subsys_top/u_e203_subsys_main/u_e203_subsys_hclkgen/u_e203_subsys_gfcm/u_clk0_clkgate/clk0_sync_r_reg[1]_4_BUFG}
add_cells_to_pblock [get_pblocks  {CLKAG_design_1_i/e203_axi_0/inst/dut/u_e203_subsys_top/u_e203_subsys_main/u_e203_subsys_hclkgen/u_e203_subsys_gfcm/u_clk0_clkgate/clk0_sync_r_reg[1]_4_BUFG}] [get_cells -filter { PRIMITIVE_GROUP != I/O && IS_PRIMITIVE==1 && PRIMITIVE_LEVEL !=INTERNAL } -of_object [get_pins -filter {DIRECTION==IN} -of_objects [get_nets -hierarchical -filter {PARENT=="design_1_i/e203_axi_0/inst/dut/u_e203_subsys_top/u_e203_subsys_main/u_e203_subsys_hclkgen/u_e203_subsys_gfcm/u_clk0_clkgate/clk0_sync_r_reg[1]_4_BUFG"}]]]
resize_pblock [get_pblocks {CLKAG_design_1_i/e203_axi_0/inst/dut/u_e203_subsys_top/u_e203_subsys_main/u_e203_subsys_hclkgen/u_e203_subsys_gfcm/u_clk0_clkgate/clk0_sync_r_reg[1]_4_BUFG}] -add {CLOCKREGION_X0Y3:CLOCKREGION_X0Y3 CLOCKREGION_X0Y4:CLOCKREGION_X0Y4 CLOCKREGION_X1Y3:CLOCKREGION_X1Y3 CLOCKREGION_X1Y4:CLOCKREGION_X1Y4}
#endgroup

# Clock net "design_1_i/e203_axi_0/inst/dut/u_e203_subsys_top/u_e203_subsys_main/u_e203_subsys_hclkgen/u_e203_subsys_gfcm/u_clk0_clkgate/clk0_sync_r_reg[1]_3_BUFG" driven by instance "design_1_i/e203_axi_0/inst/dut/u_e203_subsys_top/u_e203_subsys_main/u_e203_subsys_hclkgen/u_e203_subsys_gfcm/u_clk0_clkgate/clk0_sync_r_reg[1]_3_BUFG_inst" located at site "BUFGCTRL_X0Y2"
#startgroup
create_pblock {CLKAG_design_1_i/e203_axi_0/inst/dut/u_e203_subsys_top/u_e203_subsys_main/u_e203_subsys_hclkgen/u_e203_subsys_gfcm/u_clk0_clkgate/clk0_sync_r_reg[1]_3_BUFG}
add_cells_to_pblock [get_pblocks  {CLKAG_design_1_i/e203_axi_0/inst/dut/u_e203_subsys_top/u_e203_subsys_main/u_e203_subsys_hclkgen/u_e203_subsys_gfcm/u_clk0_clkgate/clk0_sync_r_reg[1]_3_BUFG}] [get_cells -filter { PRIMITIVE_GROUP != I/O && IS_PRIMITIVE==1 && PRIMITIVE_LEVEL !=INTERNAL } -of_object [get_pins -filter {DIRECTION==IN} -of_objects [get_nets -hierarchical -filter {PARENT=="design_1_i/e203_axi_0/inst/dut/u_e203_subsys_top/u_e203_subsys_main/u_e203_subsys_hclkgen/u_e203_subsys_gfcm/u_clk0_clkgate/clk0_sync_r_reg[1]_3_BUFG"}]]]
resize_pblock [get_pblocks {CLKAG_design_1_i/e203_axi_0/inst/dut/u_e203_subsys_top/u_e203_subsys_main/u_e203_subsys_hclkgen/u_e203_subsys_gfcm/u_clk0_clkgate/clk0_sync_r_reg[1]_3_BUFG}] -add {CLOCKREGION_X0Y2:CLOCKREGION_X0Y2 CLOCKREGION_X0Y3:CLOCKREGION_X0Y3 CLOCKREGION_X1Y2:CLOCKREGION_X1Y2 CLOCKREGION_X1Y3:CLOCKREGION_X1Y3}
#endgroup

# Clock net "design_1_i/e203_axi_0/inst/dut/u_e203_subsys_top/u_e203_subsys_main/u_e203_subsys_hclkgen/u_e203_subsys_gfcm/u_clk0_clkgate/CLK_BUFG" driven by instance "design_1_i/e203_axi_0/inst/dut/u_e203_subsys_top/u_e203_subsys_main/u_e203_subsys_hclkgen/u_e203_subsys_gfcm/u_clk0_clkgate/CLK_BUFG_inst" located at site "BUFGCTRL_X0Y6"
#startgroup
create_pblock {CLKAG_design_1_i/e203_axi_0/inst/dut/u_e203_subsys_top/u_e203_subsys_main/u_e203_subsys_hclkgen/u_e203_subsys_gfcm/u_clk0_clkgate/CLK_BUFG}
add_cells_to_pblock [get_pblocks  {CLKAG_design_1_i/e203_axi_0/inst/dut/u_e203_subsys_top/u_e203_subsys_main/u_e203_subsys_hclkgen/u_e203_subsys_gfcm/u_clk0_clkgate/CLK_BUFG}] [get_cells -filter { PRIMITIVE_GROUP != I/O && IS_PRIMITIVE==1 && PRIMITIVE_LEVEL !=INTERNAL } -of_object [get_pins -filter {DIRECTION==IN} -of_objects [get_nets -hierarchical -filter {PARENT=="design_1_i/e203_axi_0/inst/dut/u_e203_subsys_top/u_e203_subsys_main/u_e203_subsys_hclkgen/u_e203_subsys_gfcm/u_clk0_clkgate/CLK_BUFG"}]]]
resize_pblock [get_pblocks {CLKAG_design_1_i/e203_axi_0/inst/dut/u_e203_subsys_top/u_e203_subsys_main/u_e203_subsys_hclkgen/u_e203_subsys_gfcm/u_clk0_clkgate/CLK_BUFG}] -add {CLOCKREGION_X0Y3:CLOCKREGION_X0Y3 CLOCKREGION_X0Y4:CLOCKREGION_X0Y4 CLOCKREGION_X1Y3:CLOCKREGION_X1Y3 CLOCKREGION_X1Y4:CLOCKREGION_X1Y4}
#endgroup

# Clock net "design_1_i/clk_wiz_0/inst/clk_200" driven by instance "design_1_i/clk_wiz_0/inst/clkout1_buf" located at site "BUFGCTRL_X0Y1"
#startgroup
create_pblock {CLKAG_design_1_i/clk_wiz_0/inst/clk_200}
add_cells_to_pblock [get_pblocks  {CLKAG_design_1_i/clk_wiz_0/inst/clk_200}] [get_cells -filter { PRIMITIVE_GROUP != I/O && IS_PRIMITIVE==1 && PRIMITIVE_LEVEL !=INTERNAL && NAME!=design_1_i/e203_axi_0/inst/u1_clk_wiz/inst/mmcm_adv_inst} -of_object [get_pins -filter {DIRECTION==IN} -of_objects [get_nets -hierarchical -filter {PARENT=="design_1_i/clk_wiz_0/inst/clk_200"}]]]
resize_pblock [get_pblocks {CLKAG_design_1_i/clk_wiz_0/inst/clk_200}] -add {CLOCKREGION_X0Y0:CLOCKREGION_X0Y0 CLOCKREGION_X0Y1:CLOCKREGION_X0Y1 CLOCKREGION_X0Y2:CLOCKREGION_X0Y2 CLOCKREGION_X0Y3:CLOCKREGION_X0Y3 CLOCKREGION_X1Y2:CLOCKREGION_X1Y2 CLOCKREGION_X1Y3:CLOCKREGION_X1Y3}
#endgroup
