#-----------------------------------------------------------
# Vivado v2020.2 (64-bit)
# SW Build 3064766 on Wed Nov 18 09:12:45 MST 2020
# IP Build 3064653 on Wed Nov 18 14:17:31 MST 2020
# Start of session at: Tue May  7 09:21:44 2024
# Process ID: 16224
# Current directory: D:/BaiduSyncdisk/course/Software_Hardware_Co-Design/E203_CNN_Genesys2/e203_cnn_soc_genesys2/e203_cnn_soc/e203_cnn_soc.runs/design_1_conv_axi_v2_0_0_synth_1
# Command line: vivado.exe -log design_1_conv_axi_v2_0_0.vds -product Vivado -mode batch -messageDb vivado.pb -notrace -source design_1_conv_axi_v2_0_0.tcl
# Log file: D:/BaiduSyncdisk/course/Software_Hardware_Co-Design/E203_CNN_Genesys2/e203_cnn_soc_genesys2/e203_cnn_soc/e203_cnn_soc.runs/design_1_conv_axi_v2_0_0_synth_1/design_1_conv_axi_v2_0_0.vds
# Journal file: D:/BaiduSyncdisk/course/Software_Hardware_Co-Design/E203_CNN_Genesys2/e203_cnn_soc_genesys2/e203_cnn_soc/e203_cnn_soc.runs/design_1_conv_axi_v2_0_0_synth_1\vivado.jou
#-----------------------------------------------------------
source design_1_conv_axi_v2_0_0.tcl -notrace
